  PharmaCare.Domain -> D:\Web Applications Projects\General Projects\PharmaCare\PharmaCare.Domain\bin\Debug\net8.0\PharmaCare.Domain.dll
D:\Web Applications Projects\General Projects\PharmaCare\PharmaCare.Web\PharmaCare.Web.csproj : warning NU1701: Package 'CommonServiceLocator 1.3.0' was restored using '.NETFramework,Version=v4.6.1, .NETFramework,Version=v4.6.2, .NETFramework,Version=v4.7, .NETFramework,Version=v4.7.1, .NETFramework,Version=v4.7.2, .NETFramework,Version=v4.8, .NETFramework,Version=v4.8.1' instead of the project target framework 'net8.0'. This package may not be fully compatible with your project.
D:\Web Applications Projects\General Projects\PharmaCare\PharmaCare.Web\PharmaCare.Web.csproj : warning NU1701: Package 'XAct.Core.PCL 0.0.5014' was restored using '.NETFramework,Version=v4.6.1, .NETFramework,Version=v4.6.2, .NETFramework,Version=v4.7, .NETFramework,Version=v4.7.1, .NETFramework,Version=v4.7.2, .NETFramework,Version=v4.8, .NETFramework,Version=v4.8.1' instead of the project target framework 'net8.0'. This package may not be fully compatible with your project.
  PharmaCare.Application -> D:\Web Applications Projects\General Projects\PharmaCare\PharmaCare.Application\bin\Debug\net8.0\PharmaCare.Application.dll
  PharmaCare.Infrastructure -> D:\Web Applications Projects\General Projects\PharmaCare\PharmaCare.Infrastructure\bin\Debug\net8.0\PharmaCare.Infrastructure.dll
  PharmaCare.Web -> D:\Web Applications Projects\General Projects\PharmaCare\PharmaCare.Web\bin\Debug\net8.0\PharmaCare.Web.dll

Build succeeded.

D:\Web Applications Projects\General Projects\PharmaCare\PharmaCare.Web\PharmaCare.Web.csproj : warning NU1701: Package 'CommonServiceLocator 1.3.0' was restored using '.NETFramework,Version=v4.6.1, .NETFramework,Version=v4.6.2, .NETFramework,Version=v4.7, .NETFramework,Version=v4.7.1, .NETFramework,Version=v4.7.2, .NETFramework,Version=v4.8, .NETFramework,Version=v4.8.1' instead of the project target framework 'net8.0'. This package may not be fully compatible with your project.
D:\Web Applications Projects\General Projects\PharmaCare\PharmaCare.Web\PharmaCare.Web.csproj : warning NU1701: Package 'XAct.Core.PCL 0.0.5014' was restored using '.NETFramework,Version=v4.6.1, .NETFramework,Version=v4.6.2, .NETFramework,Version=v4.7, .NETFramework,Version=v4.7.1, .NETFramework,Version=v4.7.2, .NETFramework,Version=v4.8, .NETFramework,Version=v4.8.1' instead of the project target framework 'net8.0'. This package may not be fully compatible with your project.
    2 Warning(s)
    0 Error(s)

Time Elapsed 00:00:02.68
